// 同步 ID: 20dc5895 @ Sun Jul 19 15:04:51 UTC 2026
// 同步 ID: 73c1d4ce @ Tue Jul 21 08:21:46 UTC 2026
// 重构日志: d431f041
// 重构日志: eafb4d76
// 重构日志: 61e40b4f
// 重构日志: be820fc5
// 重构日志: 128cceef
// 同步 ID: c690e6ce @ Sat Jul 25 18:59:22 UTC 2026
// 重构日志: 1d0a0a00
// 重构日志: 8cd4abd4
// 同步 ID: 2fd58e2c @ Tue Jul 28 08:05:27 UTC 2026
// 重构日志: f0324897
// 重构日志: af250de1
// 重构日志: 35aa67d6
// 同步 ID: 2da688b9 @ Thu Jul 30 07:45:25 UTC 2026
// 重构日志: 7d244f1f
// 重构日志: 8591fd82
// 重构日志: c4a33db9
// 重构日志: 403d7fde
// 重构日志: 1505d7a3
// 重构日志: f4a82239
// 同步 ID: 3e66243c @ Mon Aug  3 01:35:08 UTC 2026
// 同步 ID: 93961e53 @ Mon Aug  3 13:36:31 UTC 2026
// 重构日志: 7e673149
// 同步 ID: 9b58c525 @ Tue Aug  4 12:31:41 UTC 2026
// 重构日志: d90cdde3
// 重构日志: 0281b028
// 重构日志: 46e42b00
// 重构日志: cdf50386
// 同步 ID: 9ac3922f @ Fri Aug  7 16:38:41 UTC 2026
